// Jest Snapshot v1, https://goo.gl/fbAQLP

exports[`renders Footer correctly 1`] = `
<footer
  className="bg-dark text-white mt-5 p-4 text-center"
>
  Copyright Â© 
  2019
   T1CG Forum
</footer>
`;
